ERROR - 2025-09-13 13:34:07 --> Error connecting to the database: mysqli_sql_exception: No connection could be made because the target machine actively refused it in C:\Users\paqih\OneDrive\Dokumen\project\weding-smey\system\Database\MySQLi\Connection.php:201
Stack trace:
#0 C:\Users\paqih\OneDrive\Dokumen\project\weding-smey\system\Database\MySQLi\Connection.php(201): mysqli->real_connect('localhost', 'root', Object(SensitiveParameterValue), 'message', 3306, '', 0)
#1 C:\Users\paqih\OneDrive\Dokumen\project\weding-smey\system\Database\BaseConnection.php(419): CodeIgniter\Database\MySQLi\Connection->connect(false)
#2 C:\Users\paqih\OneDrive\Dokumen\project\weding-smey\system\Database\BaseConnection.php(614): CodeIgniter\Database\BaseConnection->initialize()
#3 C:\Users\paqih\OneDrive\Dokumen\project\weding-smey\system\Database\BaseBuilder.php(1649): CodeIgniter\Database\BaseConnection->query('SELECT *\nFROM `...', Array, false)
#4 C:\Users\paqih\OneDrive\Dokumen\project\weding-smey\system\Model.php(286): CodeIgniter\Database\BaseBuilder->get()
#5 C:\Users\paqih\OneDrive\Dokumen\project\weding-smey\system\BaseModel.php(677): CodeIgniter\Model->doFindAll(0, 0)
#6 C:\Users\paqih\OneDrive\Dokumen\project\weding-smey\app\Controllers\InvitationController.php(20): CodeIgniter\BaseModel->findAll()
#7 C:\Users\paqih\OneDrive\Dokumen\project\weding-smey\system\CodeIgniter.php(933): App\Controllers\InvitationController->index('paqih')
#8 C:\Users\paqih\OneDrive\Dokumen\project\weding-smey\system\CodeIgniter.php(507): CodeIgniter\CodeIgniter->runController(Object(App\Controllers\InvitationController))
#9 C:\Users\paqih\OneDrive\Dokumen\project\weding-smey\system\CodeIgniter.php(354): CodeIgniter\CodeIgniter->handleRequest(NULL, Object(Config\Cache), false)
#10 C:\Users\paqih\OneDrive\Dokumen\project\weding-smey\system\Boot.php(363): CodeIgniter\CodeIgniter->run()
#11 C:\Users\paqih\OneDrive\Dokumen\project\weding-smey\system\Boot.php(68): CodeIgniter\Boot::runCodeIgniter(Object(CodeIgniter\CodeIgniter))
#12 C:\Users\paqih\OneDrive\Dokumen\project\weding-smey\public\index.php(59): CodeIgniter\Boot::bootWeb(Object(Config\Paths))
#13 C:\Users\paqih\OneDrive\Dokumen\project\weding-smey\system\rewrite.php(44): require_once('C:\\Users\\paqih\\...')
#14 {main}

Next CodeIgniter\Database\Exceptions\DatabaseException: No connection could be made because the target machine actively refused it in C:\Users\paqih\OneDrive\Dokumen\project\weding-smey\system\Database\MySQLi\Connection.php:246
Stack trace:
#0 C:\Users\paqih\OneDrive\Dokumen\project\weding-smey\system\Database\BaseConnection.php(419): CodeIgniter\Database\MySQLi\Connection->connect(false)
#1 C:\Users\paqih\OneDrive\Dokumen\project\weding-smey\system\Database\BaseConnection.php(614): CodeIgniter\Database\BaseConnection->initialize()
#2 C:\Users\paqih\OneDrive\Dokumen\project\weding-smey\system\Database\BaseBuilder.php(1649): CodeIgniter\Database\BaseConnection->query('SELECT *\nFROM `...', Array, false)
#3 C:\Users\paqih\OneDrive\Dokumen\project\weding-smey\system\Model.php(286): CodeIgniter\Database\BaseBuilder->get()
#4 C:\Users\paqih\OneDrive\Dokumen\project\weding-smey\system\BaseModel.php(677): CodeIgniter\Model->doFindAll(0, 0)
#5 C:\Users\paqih\OneDrive\Dokumen\project\weding-smey\app\Controllers\InvitationController.php(20): CodeIgniter\BaseModel->findAll()
#6 C:\Users\paqih\OneDrive\Dokumen\project\weding-smey\system\CodeIgniter.php(933): App\Controllers\InvitationController->index('paqih')
#7 C:\Users\paqih\OneDrive\Dokumen\project\weding-smey\system\CodeIgniter.php(507): CodeIgniter\CodeIgniter->runController(Object(App\Controllers\InvitationController))
#8 C:\Users\paqih\OneDrive\Dokumen\project\weding-smey\system\CodeIgniter.php(354): CodeIgniter\CodeIgniter->handleRequest(NULL, Object(Config\Cache), false)
#9 C:\Users\paqih\OneDrive\Dokumen\project\weding-smey\system\Boot.php(363): CodeIgniter\CodeIgniter->run()
#10 C:\Users\paqih\OneDrive\Dokumen\project\weding-smey\system\Boot.php(68): CodeIgniter\Boot::runCodeIgniter(Object(CodeIgniter\CodeIgniter))
#11 C:\Users\paqih\OneDrive\Dokumen\project\weding-smey\public\index.php(59): CodeIgniter\Boot::bootWeb(Object(Config\Paths))
#12 C:\Users\paqih\OneDrive\Dokumen\project\weding-smey\system\rewrite.php(44): require_once('C:\\Users\\paqih\\...')
#13 {main}
CRITICAL - 2025-09-13 13:34:07 --> CodeIgniter\Database\Exceptions\DatabaseException: Unable to connect to the database.
Main connection [MySQLi]: No connection could be made because the target machine actively refused it
[Method: GET, Route: paqih]
in SYSTEMPATH\Database\BaseConnection.php on line 465.
 1 SYSTEMPATH\Database\BaseConnection.php(614): CodeIgniter\Database\BaseConnection->initialize()
 2 SYSTEMPATH\Database\BaseBuilder.php(1649): CodeIgniter\Database\BaseConnection->query('SELECT *
FROM `rsvp_messages`
ORDER BY `created_at` DESC', [], false)
 3 SYSTEMPATH\Model.php(286): CodeIgniter\Database\BaseBuilder->get()
 4 SYSTEMPATH\BaseModel.php(677): CodeIgniter\Model->doFindAll(0, 0)
 5 APPPATH\Controllers\InvitationController.php(20): CodeIgniter\BaseModel->findAll()
 6 SYSTEMPATH\CodeIgniter.php(933): App\Controllers\InvitationController->index('paqih')
 7 SYSTEMPATH\CodeIgniter.php(507): CodeIgniter\CodeIgniter->runController(Object(App\Controllers\InvitationController))
 8 SYSTEMPATH\CodeIgniter.php(354): CodeIgniter\CodeIgniter->handleRequest(null, Object(Config\Cache), false)
 9 SYSTEMPATH\Boot.php(363): CodeIgniter\CodeIgniter->run()
10 SYSTEMPATH\Boot.php(68): CodeIgniter\Boot::runCodeIgniter(Object(CodeIgniter\CodeIgniter))
11 FCPATH\index.php(59): CodeIgniter\Boot::bootWeb(Object(Config\Paths))
12 SYSTEMPATH\rewrite.php(44): require_once('C:\\Users\\paqih\\OneDrive\\Dokumen\\project\\weding-smey\\public\\index.php')
ERROR - 2025-09-13 13:34:18 --> Error connecting to the database: mysqli_sql_exception: No connection could be made because the target machine actively refused it in C:\Users\paqih\OneDrive\Dokumen\project\weding-smey\system\Database\MySQLi\Connection.php:201
Stack trace:
#0 C:\Users\paqih\OneDrive\Dokumen\project\weding-smey\system\Database\MySQLi\Connection.php(201): mysqli->real_connect('localhost', 'root', Object(SensitiveParameterValue), 'message', 3306, '', 0)
#1 C:\Users\paqih\OneDrive\Dokumen\project\weding-smey\system\Database\BaseConnection.php(419): CodeIgniter\Database\MySQLi\Connection->connect(false)
#2 C:\Users\paqih\OneDrive\Dokumen\project\weding-smey\system\Database\BaseConnection.php(614): CodeIgniter\Database\BaseConnection->initialize()
#3 C:\Users\paqih\OneDrive\Dokumen\project\weding-smey\system\Database\BaseBuilder.php(1649): CodeIgniter\Database\BaseConnection->query('SELECT *\nFROM `...', Array, false)
#4 C:\Users\paqih\OneDrive\Dokumen\project\weding-smey\system\Model.php(286): CodeIgniter\Database\BaseBuilder->get()
#5 C:\Users\paqih\OneDrive\Dokumen\project\weding-smey\system\BaseModel.php(677): CodeIgniter\Model->doFindAll(0, 0)
#6 C:\Users\paqih\OneDrive\Dokumen\project\weding-smey\app\Controllers\InvitationController.php(20): CodeIgniter\BaseModel->findAll()
#7 C:\Users\paqih\OneDrive\Dokumen\project\weding-smey\system\CodeIgniter.php(933): App\Controllers\InvitationController->index('paqih')
#8 C:\Users\paqih\OneDrive\Dokumen\project\weding-smey\system\CodeIgniter.php(507): CodeIgniter\CodeIgniter->runController(Object(App\Controllers\InvitationController))
#9 C:\Users\paqih\OneDrive\Dokumen\project\weding-smey\system\CodeIgniter.php(354): CodeIgniter\CodeIgniter->handleRequest(NULL, Object(Config\Cache), false)
#10 C:\Users\paqih\OneDrive\Dokumen\project\weding-smey\system\Boot.php(363): CodeIgniter\CodeIgniter->run()
#11 C:\Users\paqih\OneDrive\Dokumen\project\weding-smey\system\Boot.php(68): CodeIgniter\Boot::runCodeIgniter(Object(CodeIgniter\CodeIgniter))
#12 C:\Users\paqih\OneDrive\Dokumen\project\weding-smey\public\index.php(59): CodeIgniter\Boot::bootWeb(Object(Config\Paths))
#13 C:\Users\paqih\OneDrive\Dokumen\project\weding-smey\system\rewrite.php(44): require_once('C:\\Users\\paqih\\...')
#14 {main}

Next CodeIgniter\Database\Exceptions\DatabaseException: No connection could be made because the target machine actively refused it in C:\Users\paqih\OneDrive\Dokumen\project\weding-smey\system\Database\MySQLi\Connection.php:246
Stack trace:
#0 C:\Users\paqih\OneDrive\Dokumen\project\weding-smey\system\Database\BaseConnection.php(419): CodeIgniter\Database\MySQLi\Connection->connect(false)
#1 C:\Users\paqih\OneDrive\Dokumen\project\weding-smey\system\Database\BaseConnection.php(614): CodeIgniter\Database\BaseConnection->initialize()
#2 C:\Users\paqih\OneDrive\Dokumen\project\weding-smey\system\Database\BaseBuilder.php(1649): CodeIgniter\Database\BaseConnection->query('SELECT *\nFROM `...', Array, false)
#3 C:\Users\paqih\OneDrive\Dokumen\project\weding-smey\system\Model.php(286): CodeIgniter\Database\BaseBuilder->get()
#4 C:\Users\paqih\OneDrive\Dokumen\project\weding-smey\system\BaseModel.php(677): CodeIgniter\Model->doFindAll(0, 0)
#5 C:\Users\paqih\OneDrive\Dokumen\project\weding-smey\app\Controllers\InvitationController.php(20): CodeIgniter\BaseModel->findAll()
#6 C:\Users\paqih\OneDrive\Dokumen\project\weding-smey\system\CodeIgniter.php(933): App\Controllers\InvitationController->index('paqih')
#7 C:\Users\paqih\OneDrive\Dokumen\project\weding-smey\system\CodeIgniter.php(507): CodeIgniter\CodeIgniter->runController(Object(App\Controllers\InvitationController))
#8 C:\Users\paqih\OneDrive\Dokumen\project\weding-smey\system\CodeIgniter.php(354): CodeIgniter\CodeIgniter->handleRequest(NULL, Object(Config\Cache), false)
#9 C:\Users\paqih\OneDrive\Dokumen\project\weding-smey\system\Boot.php(363): CodeIgniter\CodeIgniter->run()
#10 C:\Users\paqih\OneDrive\Dokumen\project\weding-smey\system\Boot.php(68): CodeIgniter\Boot::runCodeIgniter(Object(CodeIgniter\CodeIgniter))
#11 C:\Users\paqih\OneDrive\Dokumen\project\weding-smey\public\index.php(59): CodeIgniter\Boot::bootWeb(Object(Config\Paths))
#12 C:\Users\paqih\OneDrive\Dokumen\project\weding-smey\system\rewrite.php(44): require_once('C:\\Users\\paqih\\...')
#13 {main}
CRITICAL - 2025-09-13 13:34:18 --> CodeIgniter\Database\Exceptions\DatabaseException: Unable to connect to the database.
Main connection [MySQLi]: No connection could be made because the target machine actively refused it
[Method: GET, Route: paqih]
in SYSTEMPATH\Database\BaseConnection.php on line 465.
 1 SYSTEMPATH\Database\BaseConnection.php(614): CodeIgniter\Database\BaseConnection->initialize()
 2 SYSTEMPATH\Database\BaseBuilder.php(1649): CodeIgniter\Database\BaseConnection->query('SELECT *
FROM `rsvp_messages`
ORDER BY `created_at` DESC', [], false)
 3 SYSTEMPATH\Model.php(286): CodeIgniter\Database\BaseBuilder->get()
 4 SYSTEMPATH\BaseModel.php(677): CodeIgniter\Model->doFindAll(0, 0)
 5 APPPATH\Controllers\InvitationController.php(20): CodeIgniter\BaseModel->findAll()
 6 SYSTEMPATH\CodeIgniter.php(933): App\Controllers\InvitationController->index('paqih')
 7 SYSTEMPATH\CodeIgniter.php(507): CodeIgniter\CodeIgniter->runController(Object(App\Controllers\InvitationController))
 8 SYSTEMPATH\CodeIgniter.php(354): CodeIgniter\CodeIgniter->handleRequest(null, Object(Config\Cache), false)
 9 SYSTEMPATH\Boot.php(363): CodeIgniter\CodeIgniter->run()
10 SYSTEMPATH\Boot.php(68): CodeIgniter\Boot::runCodeIgniter(Object(CodeIgniter\CodeIgniter))
11 FCPATH\index.php(59): CodeIgniter\Boot::bootWeb(Object(Config\Paths))
12 SYSTEMPATH\rewrite.php(44): require_once('C:\\Users\\paqih\\OneDrive\\Dokumen\\project\\weding-smey\\public\\index.php')
ERROR - 2025-09-13 13:34:58 --> Error connecting to the database: mysqli_sql_exception: No connection could be made because the target machine actively refused it in C:\Users\paqih\OneDrive\Dokumen\project\weding-smey\system\Database\MySQLi\Connection.php:201
Stack trace:
#0 C:\Users\paqih\OneDrive\Dokumen\project\weding-smey\system\Database\MySQLi\Connection.php(201): mysqli->real_connect('localhost', 'root', Object(SensitiveParameterValue), 'message', 3306, '', 0)
#1 C:\Users\paqih\OneDrive\Dokumen\project\weding-smey\system\Database\BaseConnection.php(419): CodeIgniter\Database\MySQLi\Connection->connect(false)
#2 C:\Users\paqih\OneDrive\Dokumen\project\weding-smey\system\Database\BaseConnection.php(614): CodeIgniter\Database\BaseConnection->initialize()
#3 C:\Users\paqih\OneDrive\Dokumen\project\weding-smey\system\Database\BaseBuilder.php(1649): CodeIgniter\Database\BaseConnection->query('SELECT *\nFROM `...', Array, false)
#4 C:\Users\paqih\OneDrive\Dokumen\project\weding-smey\system\Model.php(286): CodeIgniter\Database\BaseBuilder->get()
#5 C:\Users\paqih\OneDrive\Dokumen\project\weding-smey\system\BaseModel.php(677): CodeIgniter\Model->doFindAll(0, 0)
#6 C:\Users\paqih\OneDrive\Dokumen\project\weding-smey\app\Controllers\InvitationController.php(20): CodeIgniter\BaseModel->findAll()
#7 C:\Users\paqih\OneDrive\Dokumen\project\weding-smey\system\CodeIgniter.php(933): App\Controllers\InvitationController->index('paqih')
#8 C:\Users\paqih\OneDrive\Dokumen\project\weding-smey\system\CodeIgniter.php(507): CodeIgniter\CodeIgniter->runController(Object(App\Controllers\InvitationController))
#9 C:\Users\paqih\OneDrive\Dokumen\project\weding-smey\system\CodeIgniter.php(354): CodeIgniter\CodeIgniter->handleRequest(NULL, Object(Config\Cache), false)
#10 C:\Users\paqih\OneDrive\Dokumen\project\weding-smey\system\Boot.php(363): CodeIgniter\CodeIgniter->run()
#11 C:\Users\paqih\OneDrive\Dokumen\project\weding-smey\system\Boot.php(68): CodeIgniter\Boot::runCodeIgniter(Object(CodeIgniter\CodeIgniter))
#12 C:\Users\paqih\OneDrive\Dokumen\project\weding-smey\public\index.php(59): CodeIgniter\Boot::bootWeb(Object(Config\Paths))
#13 C:\Users\paqih\OneDrive\Dokumen\project\weding-smey\system\rewrite.php(44): require_once('C:\\Users\\paqih\\...')
#14 {main}

Next CodeIgniter\Database\Exceptions\DatabaseException: No connection could be made because the target machine actively refused it in C:\Users\paqih\OneDrive\Dokumen\project\weding-smey\system\Database\MySQLi\Connection.php:246
Stack trace:
#0 C:\Users\paqih\OneDrive\Dokumen\project\weding-smey\system\Database\BaseConnection.php(419): CodeIgniter\Database\MySQLi\Connection->connect(false)
#1 C:\Users\paqih\OneDrive\Dokumen\project\weding-smey\system\Database\BaseConnection.php(614): CodeIgniter\Database\BaseConnection->initialize()
#2 C:\Users\paqih\OneDrive\Dokumen\project\weding-smey\system\Database\BaseBuilder.php(1649): CodeIgniter\Database\BaseConnection->query('SELECT *\nFROM `...', Array, false)
#3 C:\Users\paqih\OneDrive\Dokumen\project\weding-smey\system\Model.php(286): CodeIgniter\Database\BaseBuilder->get()
#4 C:\Users\paqih\OneDrive\Dokumen\project\weding-smey\system\BaseModel.php(677): CodeIgniter\Model->doFindAll(0, 0)
#5 C:\Users\paqih\OneDrive\Dokumen\project\weding-smey\app\Controllers\InvitationController.php(20): CodeIgniter\BaseModel->findAll()
#6 C:\Users\paqih\OneDrive\Dokumen\project\weding-smey\system\CodeIgniter.php(933): App\Controllers\InvitationController->index('paqih')
#7 C:\Users\paqih\OneDrive\Dokumen\project\weding-smey\system\CodeIgniter.php(507): CodeIgniter\CodeIgniter->runController(Object(App\Controllers\InvitationController))
#8 C:\Users\paqih\OneDrive\Dokumen\project\weding-smey\system\CodeIgniter.php(354): CodeIgniter\CodeIgniter->handleRequest(NULL, Object(Config\Cache), false)
#9 C:\Users\paqih\OneDrive\Dokumen\project\weding-smey\system\Boot.php(363): CodeIgniter\CodeIgniter->run()
#10 C:\Users\paqih\OneDrive\Dokumen\project\weding-smey\system\Boot.php(68): CodeIgniter\Boot::runCodeIgniter(Object(CodeIgniter\CodeIgniter))
#11 C:\Users\paqih\OneDrive\Dokumen\project\weding-smey\public\index.php(59): CodeIgniter\Boot::bootWeb(Object(Config\Paths))
#12 C:\Users\paqih\OneDrive\Dokumen\project\weding-smey\system\rewrite.php(44): require_once('C:\\Users\\paqih\\...')
#13 {main}
CRITICAL - 2025-09-13 13:34:58 --> CodeIgniter\Database\Exceptions\DatabaseException: Unable to connect to the database.
Main connection [MySQLi]: No connection could be made because the target machine actively refused it
[Method: GET, Route: paqih]
in SYSTEMPATH\Database\BaseConnection.php on line 465.
 1 SYSTEMPATH\Database\BaseConnection.php(614): CodeIgniter\Database\BaseConnection->initialize()
 2 SYSTEMPATH\Database\BaseBuilder.php(1649): CodeIgniter\Database\BaseConnection->query('SELECT *
FROM `rsvp_messages`
ORDER BY `created_at` DESC', [], false)
 3 SYSTEMPATH\Model.php(286): CodeIgniter\Database\BaseBuilder->get()
 4 SYSTEMPATH\BaseModel.php(677): CodeIgniter\Model->doFindAll(0, 0)
 5 APPPATH\Controllers\InvitationController.php(20): CodeIgniter\BaseModel->findAll()
 6 SYSTEMPATH\CodeIgniter.php(933): App\Controllers\InvitationController->index('paqih')
 7 SYSTEMPATH\CodeIgniter.php(507): CodeIgniter\CodeIgniter->runController(Object(App\Controllers\InvitationController))
 8 SYSTEMPATH\CodeIgniter.php(354): CodeIgniter\CodeIgniter->handleRequest(null, Object(Config\Cache), false)
 9 SYSTEMPATH\Boot.php(363): CodeIgniter\CodeIgniter->run()
10 SYSTEMPATH\Boot.php(68): CodeIgniter\Boot::runCodeIgniter(Object(CodeIgniter\CodeIgniter))
11 FCPATH\index.php(59): CodeIgniter\Boot::bootWeb(Object(Config\Paths))
12 SYSTEMPATH\rewrite.php(44): require_once('C:\\Users\\paqih\\OneDrive\\Dokumen\\project\\weding-smey\\public\\index.php')
ERROR - 2025-09-13 13:35:41 --> Error connecting to the database: mysqli_sql_exception: No connection could be made because the target machine actively refused it in C:\Users\paqih\OneDrive\Dokumen\project\weding-smey\system\Database\MySQLi\Connection.php:201
Stack trace:
#0 C:\Users\paqih\OneDrive\Dokumen\project\weding-smey\system\Database\MySQLi\Connection.php(201): mysqli->real_connect('localhost', 'root', Object(SensitiveParameterValue), 'message', 3306, '', 0)
#1 C:\Users\paqih\OneDrive\Dokumen\project\weding-smey\system\Database\BaseConnection.php(419): CodeIgniter\Database\MySQLi\Connection->connect(false)
#2 C:\Users\paqih\OneDrive\Dokumen\project\weding-smey\system\Database\BaseConnection.php(614): CodeIgniter\Database\BaseConnection->initialize()
#3 C:\Users\paqih\OneDrive\Dokumen\project\weding-smey\system\Database\BaseBuilder.php(1649): CodeIgniter\Database\BaseConnection->query('SELECT *\nFROM `...', Array, false)
#4 C:\Users\paqih\OneDrive\Dokumen\project\weding-smey\system\Model.php(286): CodeIgniter\Database\BaseBuilder->get()
#5 C:\Users\paqih\OneDrive\Dokumen\project\weding-smey\system\BaseModel.php(677): CodeIgniter\Model->doFindAll(0, 0)
#6 C:\Users\paqih\OneDrive\Dokumen\project\weding-smey\app\Controllers\InvitationController.php(20): CodeIgniter\BaseModel->findAll()
#7 C:\Users\paqih\OneDrive\Dokumen\project\weding-smey\system\CodeIgniter.php(933): App\Controllers\InvitationController->index('paqih')
#8 C:\Users\paqih\OneDrive\Dokumen\project\weding-smey\system\CodeIgniter.php(507): CodeIgniter\CodeIgniter->runController(Object(App\Controllers\InvitationController))
#9 C:\Users\paqih\OneDrive\Dokumen\project\weding-smey\system\CodeIgniter.php(354): CodeIgniter\CodeIgniter->handleRequest(NULL, Object(Config\Cache), false)
#10 C:\Users\paqih\OneDrive\Dokumen\project\weding-smey\system\Boot.php(363): CodeIgniter\CodeIgniter->run()
#11 C:\Users\paqih\OneDrive\Dokumen\project\weding-smey\system\Boot.php(68): CodeIgniter\Boot::runCodeIgniter(Object(CodeIgniter\CodeIgniter))
#12 C:\Users\paqih\OneDrive\Dokumen\project\weding-smey\public\index.php(59): CodeIgniter\Boot::bootWeb(Object(Config\Paths))
#13 C:\Users\paqih\OneDrive\Dokumen\project\weding-smey\system\rewrite.php(44): require_once('C:\\Users\\paqih\\...')
#14 {main}

Next CodeIgniter\Database\Exceptions\DatabaseException: No connection could be made because the target machine actively refused it in C:\Users\paqih\OneDrive\Dokumen\project\weding-smey\system\Database\MySQLi\Connection.php:246
Stack trace:
#0 C:\Users\paqih\OneDrive\Dokumen\project\weding-smey\system\Database\BaseConnection.php(419): CodeIgniter\Database\MySQLi\Connection->connect(false)
#1 C:\Users\paqih\OneDrive\Dokumen\project\weding-smey\system\Database\BaseConnection.php(614): CodeIgniter\Database\BaseConnection->initialize()
#2 C:\Users\paqih\OneDrive\Dokumen\project\weding-smey\system\Database\BaseBuilder.php(1649): CodeIgniter\Database\BaseConnection->query('SELECT *\nFROM `...', Array, false)
#3 C:\Users\paqih\OneDrive\Dokumen\project\weding-smey\system\Model.php(286): CodeIgniter\Database\BaseBuilder->get()
#4 C:\Users\paqih\OneDrive\Dokumen\project\weding-smey\system\BaseModel.php(677): CodeIgniter\Model->doFindAll(0, 0)
#5 C:\Users\paqih\OneDrive\Dokumen\project\weding-smey\app\Controllers\InvitationController.php(20): CodeIgniter\BaseModel->findAll()
#6 C:\Users\paqih\OneDrive\Dokumen\project\weding-smey\system\CodeIgniter.php(933): App\Controllers\InvitationController->index('paqih')
#7 C:\Users\paqih\OneDrive\Dokumen\project\weding-smey\system\CodeIgniter.php(507): CodeIgniter\CodeIgniter->runController(Object(App\Controllers\InvitationController))
#8 C:\Users\paqih\OneDrive\Dokumen\project\weding-smey\system\CodeIgniter.php(354): CodeIgniter\CodeIgniter->handleRequest(NULL, Object(Config\Cache), false)
#9 C:\Users\paqih\OneDrive\Dokumen\project\weding-smey\system\Boot.php(363): CodeIgniter\CodeIgniter->run()
#10 C:\Users\paqih\OneDrive\Dokumen\project\weding-smey\system\Boot.php(68): CodeIgniter\Boot::runCodeIgniter(Object(CodeIgniter\CodeIgniter))
#11 C:\Users\paqih\OneDrive\Dokumen\project\weding-smey\public\index.php(59): CodeIgniter\Boot::bootWeb(Object(Config\Paths))
#12 C:\Users\paqih\OneDrive\Dokumen\project\weding-smey\system\rewrite.php(44): require_once('C:\\Users\\paqih\\...')
#13 {main}
CRITICAL - 2025-09-13 13:35:41 --> CodeIgniter\Database\Exceptions\DatabaseException: Unable to connect to the database.
Main connection [MySQLi]: No connection could be made because the target machine actively refused it
[Method: GET, Route: paqih]
in SYSTEMPATH\Database\BaseConnection.php on line 465.
 1 SYSTEMPATH\Database\BaseConnection.php(614): CodeIgniter\Database\BaseConnection->initialize()
 2 SYSTEMPATH\Database\BaseBuilder.php(1649): CodeIgniter\Database\BaseConnection->query('SELECT *
FROM `rsvp_messages`
ORDER BY `created_at` DESC', [], false)
 3 SYSTEMPATH\Model.php(286): CodeIgniter\Database\BaseBuilder->get()
 4 SYSTEMPATH\BaseModel.php(677): CodeIgniter\Model->doFindAll(0, 0)
 5 APPPATH\Controllers\InvitationController.php(20): CodeIgniter\BaseModel->findAll()
 6 SYSTEMPATH\CodeIgniter.php(933): App\Controllers\InvitationController->index('paqih')
 7 SYSTEMPATH\CodeIgniter.php(507): CodeIgniter\CodeIgniter->runController(Object(App\Controllers\InvitationController))
 8 SYSTEMPATH\CodeIgniter.php(354): CodeIgniter\CodeIgniter->handleRequest(null, Object(Config\Cache), false)
 9 SYSTEMPATH\Boot.php(363): CodeIgniter\CodeIgniter->run()
10 SYSTEMPATH\Boot.php(68): CodeIgniter\Boot::runCodeIgniter(Object(CodeIgniter\CodeIgniter))
11 FCPATH\index.php(59): CodeIgniter\Boot::bootWeb(Object(Config\Paths))
12 SYSTEMPATH\rewrite.php(44): require_once('C:\\Users\\paqih\\OneDrive\\Dokumen\\project\\weding-smey\\public\\index.php')
ERROR - 2025-09-13 13:35:55 --> Error connecting to the database: mysqli_sql_exception: No connection could be made because the target machine actively refused it in C:\Users\paqih\OneDrive\Dokumen\project\weding-smey\system\Database\MySQLi\Connection.php:201
Stack trace:
#0 C:\Users\paqih\OneDrive\Dokumen\project\weding-smey\system\Database\MySQLi\Connection.php(201): mysqli->real_connect('localhost', 'root', Object(SensitiveParameterValue), 'message', 3306, '', 0)
#1 C:\Users\paqih\OneDrive\Dokumen\project\weding-smey\system\Database\BaseConnection.php(419): CodeIgniter\Database\MySQLi\Connection->connect(false)
#2 C:\Users\paqih\OneDrive\Dokumen\project\weding-smey\system\Database\BaseConnection.php(614): CodeIgniter\Database\BaseConnection->initialize()
#3 C:\Users\paqih\OneDrive\Dokumen\project\weding-smey\system\Database\BaseBuilder.php(1649): CodeIgniter\Database\BaseConnection->query('SELECT *\nFROM `...', Array, false)
#4 C:\Users\paqih\OneDrive\Dokumen\project\weding-smey\system\Model.php(286): CodeIgniter\Database\BaseBuilder->get()
#5 C:\Users\paqih\OneDrive\Dokumen\project\weding-smey\system\BaseModel.php(677): CodeIgniter\Model->doFindAll(0, 0)
#6 C:\Users\paqih\OneDrive\Dokumen\project\weding-smey\app\Controllers\InvitationController.php(20): CodeIgniter\BaseModel->findAll()
#7 C:\Users\paqih\OneDrive\Dokumen\project\weding-smey\system\CodeIgniter.php(933): App\Controllers\InvitationController->index('paqih')
#8 C:\Users\paqih\OneDrive\Dokumen\project\weding-smey\system\CodeIgniter.php(507): CodeIgniter\CodeIgniter->runController(Object(App\Controllers\InvitationController))
#9 C:\Users\paqih\OneDrive\Dokumen\project\weding-smey\system\CodeIgniter.php(354): CodeIgniter\CodeIgniter->handleRequest(NULL, Object(Config\Cache), false)
#10 C:\Users\paqih\OneDrive\Dokumen\project\weding-smey\system\Boot.php(363): CodeIgniter\CodeIgniter->run()
#11 C:\Users\paqih\OneDrive\Dokumen\project\weding-smey\system\Boot.php(68): CodeIgniter\Boot::runCodeIgniter(Object(CodeIgniter\CodeIgniter))
#12 C:\Users\paqih\OneDrive\Dokumen\project\weding-smey\public\index.php(59): CodeIgniter\Boot::bootWeb(Object(Config\Paths))
#13 C:\Users\paqih\OneDrive\Dokumen\project\weding-smey\system\rewrite.php(44): require_once('C:\\Users\\paqih\\...')
#14 {main}

Next CodeIgniter\Database\Exceptions\DatabaseException: No connection could be made because the target machine actively refused it in C:\Users\paqih\OneDrive\Dokumen\project\weding-smey\system\Database\MySQLi\Connection.php:246
Stack trace:
#0 C:\Users\paqih\OneDrive\Dokumen\project\weding-smey\system\Database\BaseConnection.php(419): CodeIgniter\Database\MySQLi\Connection->connect(false)
#1 C:\Users\paqih\OneDrive\Dokumen\project\weding-smey\system\Database\BaseConnection.php(614): CodeIgniter\Database\BaseConnection->initialize()
#2 C:\Users\paqih\OneDrive\Dokumen\project\weding-smey\system\Database\BaseBuilder.php(1649): CodeIgniter\Database\BaseConnection->query('SELECT *\nFROM `...', Array, false)
#3 C:\Users\paqih\OneDrive\Dokumen\project\weding-smey\system\Model.php(286): CodeIgniter\Database\BaseBuilder->get()
#4 C:\Users\paqih\OneDrive\Dokumen\project\weding-smey\system\BaseModel.php(677): CodeIgniter\Model->doFindAll(0, 0)
#5 C:\Users\paqih\OneDrive\Dokumen\project\weding-smey\app\Controllers\InvitationController.php(20): CodeIgniter\BaseModel->findAll()
#6 C:\Users\paqih\OneDrive\Dokumen\project\weding-smey\system\CodeIgniter.php(933): App\Controllers\InvitationController->index('paqih')
#7 C:\Users\paqih\OneDrive\Dokumen\project\weding-smey\system\CodeIgniter.php(507): CodeIgniter\CodeIgniter->runController(Object(App\Controllers\InvitationController))
#8 C:\Users\paqih\OneDrive\Dokumen\project\weding-smey\system\CodeIgniter.php(354): CodeIgniter\CodeIgniter->handleRequest(NULL, Object(Config\Cache), false)
#9 C:\Users\paqih\OneDrive\Dokumen\project\weding-smey\system\Boot.php(363): CodeIgniter\CodeIgniter->run()
#10 C:\Users\paqih\OneDrive\Dokumen\project\weding-smey\system\Boot.php(68): CodeIgniter\Boot::runCodeIgniter(Object(CodeIgniter\CodeIgniter))
#11 C:\Users\paqih\OneDrive\Dokumen\project\weding-smey\public\index.php(59): CodeIgniter\Boot::bootWeb(Object(Config\Paths))
#12 C:\Users\paqih\OneDrive\Dokumen\project\weding-smey\system\rewrite.php(44): require_once('C:\\Users\\paqih\\...')
#13 {main}
CRITICAL - 2025-09-13 13:35:55 --> CodeIgniter\Database\Exceptions\DatabaseException: Unable to connect to the database.
Main connection [MySQLi]: No connection could be made because the target machine actively refused it
[Method: GET, Route: paqih]
in SYSTEMPATH\Database\BaseConnection.php on line 465.
 1 SYSTEMPATH\Database\BaseConnection.php(614): CodeIgniter\Database\BaseConnection->initialize()
 2 SYSTEMPATH\Database\BaseBuilder.php(1649): CodeIgniter\Database\BaseConnection->query('SELECT *
FROM `rsvp_messages`
ORDER BY `created_at` DESC', [], false)
 3 SYSTEMPATH\Model.php(286): CodeIgniter\Database\BaseBuilder->get()
 4 SYSTEMPATH\BaseModel.php(677): CodeIgniter\Model->doFindAll(0, 0)
 5 APPPATH\Controllers\InvitationController.php(20): CodeIgniter\BaseModel->findAll()
 6 SYSTEMPATH\CodeIgniter.php(933): App\Controllers\InvitationController->index('paqih')
 7 SYSTEMPATH\CodeIgniter.php(507): CodeIgniter\CodeIgniter->runController(Object(App\Controllers\InvitationController))
 8 SYSTEMPATH\CodeIgniter.php(354): CodeIgniter\CodeIgniter->handleRequest(null, Object(Config\Cache), false)
 9 SYSTEMPATH\Boot.php(363): CodeIgniter\CodeIgniter->run()
10 SYSTEMPATH\Boot.php(68): CodeIgniter\Boot::runCodeIgniter(Object(CodeIgniter\CodeIgniter))
11 FCPATH\index.php(59): CodeIgniter\Boot::bootWeb(Object(Config\Paths))
12 SYSTEMPATH\rewrite.php(44): require_once('C:\\Users\\paqih\\OneDrive\\Dokumen\\project\\weding-smey\\public\\index.php')
ERROR - 2025-09-13 13:36:09 --> Error connecting to the database: mysqli_sql_exception: No connection could be made because the target machine actively refused it in C:\Users\paqih\OneDrive\Dokumen\project\weding-smey\system\Database\MySQLi\Connection.php:201
Stack trace:
#0 C:\Users\paqih\OneDrive\Dokumen\project\weding-smey\system\Database\MySQLi\Connection.php(201): mysqli->real_connect('localhost', 'root', Object(SensitiveParameterValue), 'message', 3306, '', 0)
#1 C:\Users\paqih\OneDrive\Dokumen\project\weding-smey\system\Database\BaseConnection.php(419): CodeIgniter\Database\MySQLi\Connection->connect(false)
#2 C:\Users\paqih\OneDrive\Dokumen\project\weding-smey\system\Database\BaseConnection.php(614): CodeIgniter\Database\BaseConnection->initialize()
#3 C:\Users\paqih\OneDrive\Dokumen\project\weding-smey\system\Database\BaseBuilder.php(1649): CodeIgniter\Database\BaseConnection->query('SELECT *\nFROM `...', Array, false)
#4 C:\Users\paqih\OneDrive\Dokumen\project\weding-smey\system\Model.php(286): CodeIgniter\Database\BaseBuilder->get()
#5 C:\Users\paqih\OneDrive\Dokumen\project\weding-smey\system\BaseModel.php(677): CodeIgniter\Model->doFindAll(0, 0)
#6 C:\Users\paqih\OneDrive\Dokumen\project\weding-smey\app\Controllers\InvitationController.php(20): CodeIgniter\BaseModel->findAll()
#7 C:\Users\paqih\OneDrive\Dokumen\project\weding-smey\system\CodeIgniter.php(933): App\Controllers\InvitationController->index('paqih')
#8 C:\Users\paqih\OneDrive\Dokumen\project\weding-smey\system\CodeIgniter.php(507): CodeIgniter\CodeIgniter->runController(Object(App\Controllers\InvitationController))
#9 C:\Users\paqih\OneDrive\Dokumen\project\weding-smey\system\CodeIgniter.php(354): CodeIgniter\CodeIgniter->handleRequest(NULL, Object(Config\Cache), false)
#10 C:\Users\paqih\OneDrive\Dokumen\project\weding-smey\system\Boot.php(363): CodeIgniter\CodeIgniter->run()
#11 C:\Users\paqih\OneDrive\Dokumen\project\weding-smey\system\Boot.php(68): CodeIgniter\Boot::runCodeIgniter(Object(CodeIgniter\CodeIgniter))
#12 C:\Users\paqih\OneDrive\Dokumen\project\weding-smey\public\index.php(59): CodeIgniter\Boot::bootWeb(Object(Config\Paths))
#13 C:\Users\paqih\OneDrive\Dokumen\project\weding-smey\system\rewrite.php(44): require_once('C:\\Users\\paqih\\...')
#14 {main}

Next CodeIgniter\Database\Exceptions\DatabaseException: No connection could be made because the target machine actively refused it in C:\Users\paqih\OneDrive\Dokumen\project\weding-smey\system\Database\MySQLi\Connection.php:246
Stack trace:
#0 C:\Users\paqih\OneDrive\Dokumen\project\weding-smey\system\Database\BaseConnection.php(419): CodeIgniter\Database\MySQLi\Connection->connect(false)
#1 C:\Users\paqih\OneDrive\Dokumen\project\weding-smey\system\Database\BaseConnection.php(614): CodeIgniter\Database\BaseConnection->initialize()
#2 C:\Users\paqih\OneDrive\Dokumen\project\weding-smey\system\Database\BaseBuilder.php(1649): CodeIgniter\Database\BaseConnection->query('SELECT *\nFROM `...', Array, false)
#3 C:\Users\paqih\OneDrive\Dokumen\project\weding-smey\system\Model.php(286): CodeIgniter\Database\BaseBuilder->get()
#4 C:\Users\paqih\OneDrive\Dokumen\project\weding-smey\system\BaseModel.php(677): CodeIgniter\Model->doFindAll(0, 0)
#5 C:\Users\paqih\OneDrive\Dokumen\project\weding-smey\app\Controllers\InvitationController.php(20): CodeIgniter\BaseModel->findAll()
#6 C:\Users\paqih\OneDrive\Dokumen\project\weding-smey\system\CodeIgniter.php(933): App\Controllers\InvitationController->index('paqih')
#7 C:\Users\paqih\OneDrive\Dokumen\project\weding-smey\system\CodeIgniter.php(507): CodeIgniter\CodeIgniter->runController(Object(App\Controllers\InvitationController))
#8 C:\Users\paqih\OneDrive\Dokumen\project\weding-smey\system\CodeIgniter.php(354): CodeIgniter\CodeIgniter->handleRequest(NULL, Object(Config\Cache), false)
#9 C:\Users\paqih\OneDrive\Dokumen\project\weding-smey\system\Boot.php(363): CodeIgniter\CodeIgniter->run()
#10 C:\Users\paqih\OneDrive\Dokumen\project\weding-smey\system\Boot.php(68): CodeIgniter\Boot::runCodeIgniter(Object(CodeIgniter\CodeIgniter))
#11 C:\Users\paqih\OneDrive\Dokumen\project\weding-smey\public\index.php(59): CodeIgniter\Boot::bootWeb(Object(Config\Paths))
#12 C:\Users\paqih\OneDrive\Dokumen\project\weding-smey\system\rewrite.php(44): require_once('C:\\Users\\paqih\\...')
#13 {main}
CRITICAL - 2025-09-13 13:36:09 --> CodeIgniter\Database\Exceptions\DatabaseException: Unable to connect to the database.
Main connection [MySQLi]: No connection could be made because the target machine actively refused it
[Method: GET, Route: paqih]
in SYSTEMPATH\Database\BaseConnection.php on line 465.
 1 SYSTEMPATH\Database\BaseConnection.php(614): CodeIgniter\Database\BaseConnection->initialize()
 2 SYSTEMPATH\Database\BaseBuilder.php(1649): CodeIgniter\Database\BaseConnection->query('SELECT *
FROM `rsvp_messages`
ORDER BY `created_at` DESC', [], false)
 3 SYSTEMPATH\Model.php(286): CodeIgniter\Database\BaseBuilder->get()
 4 SYSTEMPATH\BaseModel.php(677): CodeIgniter\Model->doFindAll(0, 0)
 5 APPPATH\Controllers\InvitationController.php(20): CodeIgniter\BaseModel->findAll()
 6 SYSTEMPATH\CodeIgniter.php(933): App\Controllers\InvitationController->index('paqih')
 7 SYSTEMPATH\CodeIgniter.php(507): CodeIgniter\CodeIgniter->runController(Object(App\Controllers\InvitationController))
 8 SYSTEMPATH\CodeIgniter.php(354): CodeIgniter\CodeIgniter->handleRequest(null, Object(Config\Cache), false)
 9 SYSTEMPATH\Boot.php(363): CodeIgniter\CodeIgniter->run()
10 SYSTEMPATH\Boot.php(68): CodeIgniter\Boot::runCodeIgniter(Object(CodeIgniter\CodeIgniter))
11 FCPATH\index.php(59): CodeIgniter\Boot::bootWeb(Object(Config\Paths))
12 SYSTEMPATH\rewrite.php(44): require_once('C:\\Users\\paqih\\OneDrive\\Dokumen\\project\\weding-smey\\public\\index.php')
ERROR - 2025-09-13 13:36:25 --> Error connecting to the database: mysqli_sql_exception: No connection could be made because the target machine actively refused it in C:\Users\paqih\OneDrive\Dokumen\project\weding-smey\system\Database\MySQLi\Connection.php:201
Stack trace:
#0 C:\Users\paqih\OneDrive\Dokumen\project\weding-smey\system\Database\MySQLi\Connection.php(201): mysqli->real_connect('localhost', 'root', Object(SensitiveParameterValue), 'message', 3306, '', 0)
#1 C:\Users\paqih\OneDrive\Dokumen\project\weding-smey\system\Database\BaseConnection.php(419): CodeIgniter\Database\MySQLi\Connection->connect(false)
#2 C:\Users\paqih\OneDrive\Dokumen\project\weding-smey\system\Database\BaseConnection.php(614): CodeIgniter\Database\BaseConnection->initialize()
#3 C:\Users\paqih\OneDrive\Dokumen\project\weding-smey\system\Database\BaseBuilder.php(1649): CodeIgniter\Database\BaseConnection->query('SELECT *\nFROM `...', Array, false)
#4 C:\Users\paqih\OneDrive\Dokumen\project\weding-smey\system\Model.php(286): CodeIgniter\Database\BaseBuilder->get()
#5 C:\Users\paqih\OneDrive\Dokumen\project\weding-smey\system\BaseModel.php(677): CodeIgniter\Model->doFindAll(0, 0)
#6 C:\Users\paqih\OneDrive\Dokumen\project\weding-smey\app\Controllers\InvitationController.php(20): CodeIgniter\BaseModel->findAll()
#7 C:\Users\paqih\OneDrive\Dokumen\project\weding-smey\system\CodeIgniter.php(933): App\Controllers\InvitationController->index('paqih')
#8 C:\Users\paqih\OneDrive\Dokumen\project\weding-smey\system\CodeIgniter.php(507): CodeIgniter\CodeIgniter->runController(Object(App\Controllers\InvitationController))
#9 C:\Users\paqih\OneDrive\Dokumen\project\weding-smey\system\CodeIgniter.php(354): CodeIgniter\CodeIgniter->handleRequest(NULL, Object(Config\Cache), false)
#10 C:\Users\paqih\OneDrive\Dokumen\project\weding-smey\system\Boot.php(363): CodeIgniter\CodeIgniter->run()
#11 C:\Users\paqih\OneDrive\Dokumen\project\weding-smey\system\Boot.php(68): CodeIgniter\Boot::runCodeIgniter(Object(CodeIgniter\CodeIgniter))
#12 C:\Users\paqih\OneDrive\Dokumen\project\weding-smey\public\index.php(59): CodeIgniter\Boot::bootWeb(Object(Config\Paths))
#13 C:\Users\paqih\OneDrive\Dokumen\project\weding-smey\system\rewrite.php(44): require_once('C:\\Users\\paqih\\...')
#14 {main}

Next CodeIgniter\Database\Exceptions\DatabaseException: No connection could be made because the target machine actively refused it in C:\Users\paqih\OneDrive\Dokumen\project\weding-smey\system\Database\MySQLi\Connection.php:246
Stack trace:
#0 C:\Users\paqih\OneDrive\Dokumen\project\weding-smey\system\Database\BaseConnection.php(419): CodeIgniter\Database\MySQLi\Connection->connect(false)
#1 C:\Users\paqih\OneDrive\Dokumen\project\weding-smey\system\Database\BaseConnection.php(614): CodeIgniter\Database\BaseConnection->initialize()
#2 C:\Users\paqih\OneDrive\Dokumen\project\weding-smey\system\Database\BaseBuilder.php(1649): CodeIgniter\Database\BaseConnection->query('SELECT *\nFROM `...', Array, false)
#3 C:\Users\paqih\OneDrive\Dokumen\project\weding-smey\system\Model.php(286): CodeIgniter\Database\BaseBuilder->get()
#4 C:\Users\paqih\OneDrive\Dokumen\project\weding-smey\system\BaseModel.php(677): CodeIgniter\Model->doFindAll(0, 0)
#5 C:\Users\paqih\OneDrive\Dokumen\project\weding-smey\app\Controllers\InvitationController.php(20): CodeIgniter\BaseModel->findAll()
#6 C:\Users\paqih\OneDrive\Dokumen\project\weding-smey\system\CodeIgniter.php(933): App\Controllers\InvitationController->index('paqih')
#7 C:\Users\paqih\OneDrive\Dokumen\project\weding-smey\system\CodeIgniter.php(507): CodeIgniter\CodeIgniter->runController(Object(App\Controllers\InvitationController))
#8 C:\Users\paqih\OneDrive\Dokumen\project\weding-smey\system\CodeIgniter.php(354): CodeIgniter\CodeIgniter->handleRequest(NULL, Object(Config\Cache), false)
#9 C:\Users\paqih\OneDrive\Dokumen\project\weding-smey\system\Boot.php(363): CodeIgniter\CodeIgniter->run()
#10 C:\Users\paqih\OneDrive\Dokumen\project\weding-smey\system\Boot.php(68): CodeIgniter\Boot::runCodeIgniter(Object(CodeIgniter\CodeIgniter))
#11 C:\Users\paqih\OneDrive\Dokumen\project\weding-smey\public\index.php(59): CodeIgniter\Boot::bootWeb(Object(Config\Paths))
#12 C:\Users\paqih\OneDrive\Dokumen\project\weding-smey\system\rewrite.php(44): require_once('C:\\Users\\paqih\\...')
#13 {main}
CRITICAL - 2025-09-13 13:36:25 --> CodeIgniter\Database\Exceptions\DatabaseException: Unable to connect to the database.
Main connection [MySQLi]: No connection could be made because the target machine actively refused it
[Method: GET, Route: paqih]
in SYSTEMPATH\Database\BaseConnection.php on line 465.
 1 SYSTEMPATH\Database\BaseConnection.php(614): CodeIgniter\Database\BaseConnection->initialize()
 2 SYSTEMPATH\Database\BaseBuilder.php(1649): CodeIgniter\Database\BaseConnection->query('SELECT *
FROM `rsvp_messages`
ORDER BY `created_at` DESC', [], false)
 3 SYSTEMPATH\Model.php(286): CodeIgniter\Database\BaseBuilder->get()
 4 SYSTEMPATH\BaseModel.php(677): CodeIgniter\Model->doFindAll(0, 0)
 5 APPPATH\Controllers\InvitationController.php(20): CodeIgniter\BaseModel->findAll()
 6 SYSTEMPATH\CodeIgniter.php(933): App\Controllers\InvitationController->index('paqih')
 7 SYSTEMPATH\CodeIgniter.php(507): CodeIgniter\CodeIgniter->runController(Object(App\Controllers\InvitationController))
 8 SYSTEMPATH\CodeIgniter.php(354): CodeIgniter\CodeIgniter->handleRequest(null, Object(Config\Cache), false)
 9 SYSTEMPATH\Boot.php(363): CodeIgniter\CodeIgniter->run()
10 SYSTEMPATH\Boot.php(68): CodeIgniter\Boot::runCodeIgniter(Object(CodeIgniter\CodeIgniter))
11 FCPATH\index.php(59): CodeIgniter\Boot::bootWeb(Object(Config\Paths))
12 SYSTEMPATH\rewrite.php(44): require_once('C:\\Users\\paqih\\OneDrive\\Dokumen\\project\\weding-smey\\public\\index.php')
